#-----------------------------------------------------------
# Vivado v2020.2 (64-bit)
# SW Build 3064766 on Wed Nov 18 09:12:45 MST 2020
# IP Build 3064653 on Wed Nov 18 14:17:31 MST 2020
# Start of session at: Tue Apr 12 13:16:05 2022
# Process ID: 8200
# Current directory: C:/Users/labella/Documents/ece212_labell_borek/lab08/lab08.2
# Command line: vivado.exe -gui_launcher_event rodinguilauncherevent5608 C:\Users\labella\Documents\ece212_labell_borek\lab08\lab08.2\lab08.2.xpr
# Log file: C:/Users/labella/Documents/ece212_labell_borek/lab08/lab08.2/vivado.log
# Journal file: C:/Users/labella/Documents/ece212_labell_borek/lab08/lab08.2\vivado.jou
#-----------------------------------------------------------
start_gui
open_project C:/Users/labella/Documents/ece212_labell_borek/lab08/lab08.2/lab08.2.xpr
launch_simulation
source testbench.tcl
update_compile_order -fileset sources_1
current_wave_config {Untitled 1}
add_wave {{/testbench/DUV/pc}} 
current_wave_config {Untitled 1}
add_wave {{/testbench/DUV/mips/U_DP/result}} 
relaunch_sim
close_sim
